{
  "version": "1.5.0",
  "plugins_used": [
    {
      "name": "ArtifactoryDetector"
    },
    {
      "name": "AWSKeyDetector"
    },
    {
      "name": "AzureStorageKeyDetector"
    },
    {
      "name": "Base64HighEntropyString",
      "limit": 4.5
    },
    {
      "name": "BasicAuthDetector"
    },
    {
      "name": "CloudantDetector"
    },
    {
      "name": "DiscordBotTokenDetector"
    },
    {
      "name": "GitHubTokenDetector"
    },
    {
      "name": "GitLabTokenDetector"
    },
    {
      "name": "HexHighEntropyString",
      "limit": 3.0
    },
    {
      "name": "IbmCloudIamDetector"
    },
    {
      "name": "IbmCosHmacDetector"
    },
    {
      "name": "IPPublicDetector"
    },
    {
      "name": "JwtTokenDetector"
    },
    {
      "name": "KeywordDetector",
      "keyword_exclude": ""
    },
    {
      "name": "MailchimpDetector"
    },
    {
      "name": "NpmDetector"
    },
    {
      "name": "OpenAIDetector"
    },
    {
      "name": "PrivateKeyDetector"
    },
    {
      "name": "PypiTokenDetector"
    },
    {
      "name": "SendGridDetector"
    },
    {
      "name": "SlackDetector"
    },
    {
      "name": "SoftlayerDetector"
    },
    {
      "name": "SquareOAuthDetector"
    },
    {
      "name": "StripeDetector"
    },
    {
      "name": "TelegramBotTokenDetector"
    },
    {
      "name": "TwilioKeyDetector"
    }
  ],
  "filters_used": [
    {
      "path": "detect_secrets.filters.allowlist.is_line_allowlisted"
    },
    {
      "path": "detect_secrets.filters.common.is_ignored_due_to_verification_policies",
      "min_level": 2
    },
    {
      "path": "detect_secrets.filters.heuristic.is_indirect_reference"
    },
    {
      "path": "detect_secrets.filters.heuristic.is_likely_id_string"
    },
    {
      "path": "detect_secrets.filters.heuristic.is_lock_file"
    },
    {
      "path": "detect_secrets.filters.heuristic.is_not_alphanumeric_string"
    },
    {
      "path": "detect_secrets.filters.heuristic.is_potential_uuid"
    },
    {
      "path": "detect_secrets.filters.heuristic.is_prefixed_with_dollar_sign"
    },
    {
      "path": "detect_secrets.filters.heuristic.is_sequential_string"
    },
    {
      "path": "detect_secrets.filters.heuristic.is_swagger_file"
    },
    {
      "path": "detect_secrets.filters.heuristic.is_templated_secret"
    }
  ],
  "results": {
    ".claude\\skills\\security-hardening\\SKILL.md": [
      {
        "type": "Secret Keyword",
        "filename": ".claude\\skills\\security-hardening\\SKILL.md",
        "hashed_secret": "159920628cb789601a3ef7859918baa2e9ea7d15",
        "is_verified": false,
        "line_number": 208
      }
    ],
    ".env.example": [
      {
        "type": "Basic Auth Credentials",
        "filename": ".env.example",
        "hashed_secret": "9d4e1e23bd5b727046a9e3b4b7db57bd8d6ee684",
        "is_verified": false,
        "line_number": 85
      }
    ],
    ".github\\skills\\security-hardening\\SKILL.md": [
      {
        "type": "Secret Keyword",
        "filename": ".github\\skills\\security-hardening\\SKILL.md",
        "hashed_secret": "159920628cb789601a3ef7859918baa2e9ea7d15",
        "is_verified": false,
        "line_number": 208
      }
    ],
    ".parac\\agents\\skills\\security-hardening\\SKILL.md": [
      {
        "type": "Secret Keyword",
        "filename": ".parac\\agents\\skills\\security-hardening\\SKILL.md",
        "hashed_secret": "159920628cb789601a3ef7859918baa2e9ea7d15",
        "is_verified": false,
        "line_number": 231
      }
    ],
    ".parac\\roadmap\\constraints.yaml": [
      {
        "type": "Secret Keyword",
        "filename": ".parac\\roadmap\\constraints.yaml",
        "hashed_secret": "1a77d416224cbbe77a439cfd6c198030cb522872",
        "is_verified": false,
        "line_number": 72
      }
    ],
    "content\\docs\\meta\\README.md": [
      {
        "type": "Basic Auth Credentials",
        "filename": "content\\docs\\meta\\README.md",
        "hashed_secret": "9d4e1e23bd5b727046a9e3b4b7db57bd8d6ee684",
        "is_verified": false,
        "line_number": 125
      }
    ],
    "content\\docs\\meta\\api-reference.md": [
      {
        "type": "Secret Keyword",
        "filename": "content\\docs\\meta\\api-reference.md",
        "hashed_secret": "c7a8c334eef5d1749fface7d42c66f9ae5e8cf36",
        "is_verified": false,
        "line_number": 225
      },
      {
        "type": "Secret Keyword",
        "filename": "content\\docs\\meta\\api-reference.md",
        "hashed_secret": "ec3810e10fb78db55ce38b9c18d1c3eb1db739e0",
        "is_verified": false,
        "line_number": 246
      },
      {
        "type": "Basic Auth Credentials",
        "filename": "content\\docs\\meta\\api-reference.md",
        "hashed_secret": "9d4e1e23bd5b727046a9e3b4b7db57bd8d6ee684",
        "is_verified": false,
        "line_number": 371
      }
    ],
    "content\\docs\\meta\\configuration.md": [
      {
        "type": "Basic Auth Credentials",
        "filename": "content\\docs\\meta\\configuration.md",
        "hashed_secret": "9d4e1e23bd5b727046a9e3b4b7db57bd8d6ee684",
        "is_verified": false,
        "line_number": 41
      },
      {
        "type": "Secret Keyword",
        "filename": "content\\docs\\meta\\configuration.md",
        "hashed_secret": "c7a8c334eef5d1749fface7d42c66f9ae5e8cf36",
        "is_verified": false,
        "line_number": 179
      }
    ],
    "content\\docs\\meta\\database.md": [
      {
        "type": "Basic Auth Credentials",
        "filename": "content\\docs\\meta\\database.md",
        "hashed_secret": "e5e9fa1ba31ecd1ae84f75caaa474f3a663f05f4",
        "is_verified": false,
        "line_number": 70
      },
      {
        "type": "Secret Keyword",
        "filename": "content\\docs\\meta\\database.md",
        "hashed_secret": "ec3810e10fb78db55ce38b9c18d1c3eb1db739e0",
        "is_verified": false,
        "line_number": 201
      }
    ],
    "content\\docs\\meta\\health.md": [
      {
        "type": "Basic Auth Credentials",
        "filename": "content\\docs\\meta\\health.md",
        "hashed_secret": "9d4e1e23bd5b727046a9e3b4b7db57bd8d6ee684",
        "is_verified": false,
        "line_number": 346
      }
    ],
    "content\\docs\\meta\\providers.md": [
      {
        "type": "Secret Keyword",
        "filename": "content\\docs\\meta\\providers.md",
        "hashed_secret": "c7a8c334eef5d1749fface7d42c66f9ae5e8cf36",
        "is_verified": false,
        "line_number": 237
      },
      {
        "type": "Secret Keyword",
        "filename": "content\\docs\\meta\\providers.md",
        "hashed_secret": "ec3810e10fb78db55ce38b9c18d1c3eb1db739e0",
        "is_verified": false,
        "line_number": 254
      }
    ],
    "content\\docs\\synchronization-guide.md": [
      {
        "type": "Basic Auth Credentials",
        "filename": "content\\docs\\synchronization-guide.md",
        "hashed_secret": "9d4e1e23bd5b727046a9e3b4b7db57bd8d6ee684",
        "is_verified": false,
        "line_number": 196
      }
    ],
    "content\\templates\\.parac-template-advanced\\project.yaml": [
      {
        "type": "Secret Keyword",
        "filename": "content\\templates\\.parac-template-advanced\\project.yaml",
        "hashed_secret": "02ecb94373bfb3dfe827ca18409f50b016e8302a",
        "is_verified": false,
        "line_number": 19
      },
      {
        "type": "Secret Keyword",
        "filename": "content\\templates\\.parac-template-advanced\\project.yaml",
        "hashed_secret": "f8ca0d7266886f4b5be9adddc9b66017b3bf1a4b",
        "is_verified": false,
        "line_number": 22
      },
      {
        "type": "Secret Keyword",
        "filename": "content\\templates\\.parac-template-advanced\\project.yaml",
        "hashed_secret": "1db4aba2bc9d400d5e75f5473ff811cd819a436d",
        "is_verified": false,
        "line_number": 25
      },
      {
        "type": "Secret Keyword",
        "filename": "content\\templates\\.parac-template-advanced\\project.yaml",
        "hashed_secret": "2cfca21270deaf784d520e28cb126eff5c988e12",
        "is_verified": false,
        "line_number": 34
      },
      {
        "type": "Secret Keyword",
        "filename": "content\\templates\\.parac-template-advanced\\project.yaml",
        "hashed_secret": "d0930f351951c6dd23c069f046e70711269fbb48",
        "is_verified": false,
        "line_number": 44
      }
    ],
    "content\\templates\\.parac-template\\.env.example": [
      {
        "type": "Basic Auth Credentials",
        "filename": "content\\templates\\.parac-template\\.env.example",
        "hashed_secret": "5baa61e4c9b93f3f0682250b6cf8331b7ee68fd8",
        "is_verified": false,
        "line_number": 48
      }
    ],
    "data\\reflexion\\experiences.jsonl": [
      {
        "type": "Hex High Entropy String",
        "filename": "data\\reflexion\\experiences.jsonl",
        "hashed_secret": "1e4184f77c720f516daa50b0e52c2f42720d11d8",
        "is_verified": false,
        "line_number": 1
      },
      {
        "type": "Hex High Entropy String",
        "filename": "data\\reflexion\\experiences.jsonl",
        "hashed_secret": "434981b7a69f0a638b946154f9bca0e848850ca8",
        "is_verified": false,
        "line_number": 2
      },
      {
        "type": "Hex High Entropy String",
        "filename": "data\\reflexion\\experiences.jsonl",
        "hashed_secret": "bccfe04745d4a1e5f31b9f078ed127562eccdaab",
        "is_verified": false,
        "line_number": 3
      },
      {
        "type": "Hex High Entropy String",
        "filename": "data\\reflexion\\experiences.jsonl",
        "hashed_secret": "b40374a09a2f0542a421ab324fa60c467fd0d8a7",
        "is_verified": false,
        "line_number": 5
      },
      {
        "type": "Hex High Entropy String",
        "filename": "data\\reflexion\\experiences.jsonl",
        "hashed_secret": "232716da8f192705371fa2d0e7b71fb867ff4dd1",
        "is_verified": false,
        "line_number": 6
      },
      {
        "type": "Hex High Entropy String",
        "filename": "data\\reflexion\\experiences.jsonl",
        "hashed_secret": "40c3fc62affcd1d9c891efb7ab0dae50861c60fa",
        "is_verified": false,
        "line_number": 8
      },
      {
        "type": "Hex High Entropy String",
        "filename": "data\\reflexion\\experiences.jsonl",
        "hashed_secret": "765792f5693df01fd0c7c21f419579d524baa2cb",
        "is_verified": false,
        "line_number": 9
      },
      {
        "type": "Hex High Entropy String",
        "filename": "data\\reflexion\\experiences.jsonl",
        "hashed_secret": "3f8959f8039a4125dad25dce7f28ecc2d1af737a",
        "is_verified": false,
        "line_number": 10
      },
      {
        "type": "Hex High Entropy String",
        "filename": "data\\reflexion\\experiences.jsonl",
        "hashed_secret": "b44f148f6c7292d9b258b667f5d42a2437016549",
        "is_verified": false,
        "line_number": 11
      },
      {
        "type": "Hex High Entropy String",
        "filename": "data\\reflexion\\experiences.jsonl",
        "hashed_secret": "fc405f539d1ffef62f763f7b3a33b8226d1853c9",
        "is_verified": false,
        "line_number": 12
      },
      {
        "type": "Hex High Entropy String",
        "filename": "data\\reflexion\\experiences.jsonl",
        "hashed_secret": "f29fb9fdc4bb800135d16bdf87a9f8b28c76f0e5",
        "is_verified": false,
        "line_number": 14
      },
      {
        "type": "Hex High Entropy String",
        "filename": "data\\reflexion\\experiences.jsonl",
        "hashed_secret": "98c3b46b3bf40797dddadc6ad34b904b3816143c",
        "is_verified": false,
        "line_number": 15
      },
      {
        "type": "Hex High Entropy String",
        "filename": "data\\reflexion\\experiences.jsonl",
        "hashed_secret": "6921a52d6c2e5adfd594ce297a432749adfcd54d",
        "is_verified": false,
        "line_number": 16
      },
      {
        "type": "Hex High Entropy String",
        "filename": "data\\reflexion\\experiences.jsonl",
        "hashed_secret": "0e588f56d37c538c0127cf2401e4429123b73caf",
        "is_verified": false,
        "line_number": 17
      },
      {
        "type": "Hex High Entropy String",
        "filename": "data\\reflexion\\experiences.jsonl",
        "hashed_secret": "d73c4f61202dd26dc024bf9af735ce70becbc674",
        "is_verified": false,
        "line_number": 18
      },
      {
        "type": "Hex High Entropy String",
        "filename": "data\\reflexion\\experiences.jsonl",
        "hashed_secret": "482856bc8bfa3d36c49abe1ebb509d9383e7418a",
        "is_verified": false,
        "line_number": 20
      },
      {
        "type": "Hex High Entropy String",
        "filename": "data\\reflexion\\experiences.jsonl",
        "hashed_secret": "f6bb5208f30a892df8c98a7fd258829d0248d9ba",
        "is_verified": false,
        "line_number": 21
      },
      {
        "type": "Hex High Entropy String",
        "filename": "data\\reflexion\\experiences.jsonl",
        "hashed_secret": "77cf8f6f9f407656dca33d1ae7fc62722f3a6332",
        "is_verified": false,
        "line_number": 23
      },
      {
        "type": "Hex High Entropy String",
        "filename": "data\\reflexion\\experiences.jsonl",
        "hashed_secret": "e38eee97b5c861a41582d75afda79e883d9fe2dc",
        "is_verified": false,
        "line_number": 24
      },
      {
        "type": "Hex High Entropy String",
        "filename": "data\\reflexion\\experiences.jsonl",
        "hashed_secret": "02c9de721c0194519d57c31d31e7a7f1533c9484",
        "is_verified": false,
        "line_number": 25
      },
      {
        "type": "Hex High Entropy String",
        "filename": "data\\reflexion\\experiences.jsonl",
        "hashed_secret": "5bccd47dfe8253f5d25d73e7a6e80b5ae8cba7a6",
        "is_verified": false,
        "line_number": 26
      },
      {
        "type": "Hex High Entropy String",
        "filename": "data\\reflexion\\experiences.jsonl",
        "hashed_secret": "08b698b40aca12a2ca1604d3e565bc6f4bd1dad9",
        "is_verified": false,
        "line_number": 27
      },
      {
        "type": "Hex High Entropy String",
        "filename": "data\\reflexion\\experiences.jsonl",
        "hashed_secret": "d1a2373e004bd3b68a870e8f3ee47a966b0650f0",
        "is_verified": false,
        "line_number": 28
      },
      {
        "type": "Hex High Entropy String",
        "filename": "data\\reflexion\\experiences.jsonl",
        "hashed_secret": "4d23d6df1103ed2ac1a04bdc4ad3bcfc1d5cf968",
        "is_verified": false,
        "line_number": 29
      },
      {
        "type": "Hex High Entropy String",
        "filename": "data\\reflexion\\experiences.jsonl",
        "hashed_secret": "607f21228d6dee970f54bc6eb727b12e94f61073",
        "is_verified": false,
        "line_number": 30
      },
      {
        "type": "Hex High Entropy String",
        "filename": "data\\reflexion\\experiences.jsonl",
        "hashed_secret": "e11cf832ab14b045f1ae07271521e88ab0ed68e3",
        "is_verified": false,
        "line_number": 31
      },
      {
        "type": "Hex High Entropy String",
        "filename": "data\\reflexion\\experiences.jsonl",
        "hashed_secret": "7d619701051e55f5548b404bc6b7780909d8ff59",
        "is_verified": false,
        "line_number": 33
      },
      {
        "type": "Hex High Entropy String",
        "filename": "data\\reflexion\\experiences.jsonl",
        "hashed_secret": "74f6d4df0d5421908378c71c6b5d089af7beb529",
        "is_verified": false,
        "line_number": 34
      },
      {
        "type": "Hex High Entropy String",
        "filename": "data\\reflexion\\experiences.jsonl",
        "hashed_secret": "93347d6e9c658620fb2a1e9a68ede83885276985",
        "is_verified": false,
        "line_number": 35
      },
      {
        "type": "Hex High Entropy String",
        "filename": "data\\reflexion\\experiences.jsonl",
        "hashed_secret": "957261703ca59c329c7535680b5f7d7be8a4ae86",
        "is_verified": false,
        "line_number": 36
      },
      {
        "type": "Hex High Entropy String",
        "filename": "data\\reflexion\\experiences.jsonl",
        "hashed_secret": "13c1b73eb04a06139fb03ca41d6e5416382e3213",
        "is_verified": false,
        "line_number": 37
      },
      {
        "type": "Hex High Entropy String",
        "filename": "data\\reflexion\\experiences.jsonl",
        "hashed_secret": "2e237da453f5c1b21f1748970e15fcb94c17f080",
        "is_verified": false,
        "line_number": 38
      },
      {
        "type": "Hex High Entropy String",
        "filename": "data\\reflexion\\experiences.jsonl",
        "hashed_secret": "281dbcdbe41188f26e961c334eb3c5cbb423e626",
        "is_verified": false,
        "line_number": 39
      },
      {
        "type": "Hex High Entropy String",
        "filename": "data\\reflexion\\experiences.jsonl",
        "hashed_secret": "f31e9eb723b9a57d4fc454fca5669640c3b0692b",
        "is_verified": false,
        "line_number": 40
      },
      {
        "type": "Hex High Entropy String",
        "filename": "data\\reflexion\\experiences.jsonl",
        "hashed_secret": "d8a396726227337b94d6f6e3b07928e8335ba2d1",
        "is_verified": false,
        "line_number": 41
      },
      {
        "type": "Hex High Entropy String",
        "filename": "data\\reflexion\\experiences.jsonl",
        "hashed_secret": "b26548d6ec8a19008a51152b718e2b2f265e11dd",
        "is_verified": false,
        "line_number": 42
      },
      {
        "type": "Hex High Entropy String",
        "filename": "data\\reflexion\\experiences.jsonl",
        "hashed_secret": "3128ce4fb87d8c40ac550401d3beab7fa1affa8e",
        "is_verified": false,
        "line_number": 45
      },
      {
        "type": "Hex High Entropy String",
        "filename": "data\\reflexion\\experiences.jsonl",
        "hashed_secret": "0085fbc9c6d09bfb3c7e9a6fc5447909c8c3d8c8",
        "is_verified": false,
        "line_number": 46
      },
      {
        "type": "Hex High Entropy String",
        "filename": "data\\reflexion\\experiences.jsonl",
        "hashed_secret": "8891788582d547ed4efb5dc2a7918b7b43b644dd",
        "is_verified": false,
        "line_number": 47
      },
      {
        "type": "Hex High Entropy String",
        "filename": "data\\reflexion\\experiences.jsonl",
        "hashed_secret": "022401e84b766d797cffa8f79e5fb68321964beb",
        "is_verified": false,
        "line_number": 48
      },
      {
        "type": "Hex High Entropy String",
        "filename": "data\\reflexion\\experiences.jsonl",
        "hashed_secret": "c49f5d4bfa9791f0d9a5e6089dfa1544e59750bf",
        "is_verified": false,
        "line_number": 49
      },
      {
        "type": "Hex High Entropy String",
        "filename": "data\\reflexion\\experiences.jsonl",
        "hashed_secret": "c586cbdbcedddcacddf44d506a6f381589c79894",
        "is_verified": false,
        "line_number": 50
      },
      {
        "type": "Hex High Entropy String",
        "filename": "data\\reflexion\\experiences.jsonl",
        "hashed_secret": "6471d482c9a5ff81301f781774e89aeb55f12aab",
        "is_verified": false,
        "line_number": 51
      },
      {
        "type": "Hex High Entropy String",
        "filename": "data\\reflexion\\experiences.jsonl",
        "hashed_secret": "cb35868f93d69800e72373f843ccfb638a7b3181",
        "is_verified": false,
        "line_number": 52
      },
      {
        "type": "Hex High Entropy String",
        "filename": "data\\reflexion\\experiences.jsonl",
        "hashed_secret": "781cae3d7567c91b979f36445963ed1064629a21",
        "is_verified": false,
        "line_number": 53
      },
      {
        "type": "Hex High Entropy String",
        "filename": "data\\reflexion\\experiences.jsonl",
        "hashed_secret": "b8e7fe2173eae2b27323c852baa11c78b6a3470f",
        "is_verified": false,
        "line_number": 55
      },
      {
        "type": "Hex High Entropy String",
        "filename": "data\\reflexion\\experiences.jsonl",
        "hashed_secret": "4f1a819353a72c75b1b9b934e436dc1eb5be2fa1",
        "is_verified": false,
        "line_number": 57
      },
      {
        "type": "Hex High Entropy String",
        "filename": "data\\reflexion\\experiences.jsonl",
        "hashed_secret": "bcd6cf98501852f9dee57d6df7365e470259a902",
        "is_verified": false,
        "line_number": 58
      },
      {
        "type": "Hex High Entropy String",
        "filename": "data\\reflexion\\experiences.jsonl",
        "hashed_secret": "d7cf9b7561ab62ce445fc7f5a3ebe20e51a08bd9",
        "is_verified": false,
        "line_number": 60
      },
      {
        "type": "Hex High Entropy String",
        "filename": "data\\reflexion\\experiences.jsonl",
        "hashed_secret": "319427bc6fb8c1e17d4b744d01c3823a590c3403",
        "is_verified": false,
        "line_number": 61
      },
      {
        "type": "Hex High Entropy String",
        "filename": "data\\reflexion\\experiences.jsonl",
        "hashed_secret": "1a4dda1784d3b5f4bba6f2402ab48c5962a36b92",
        "is_verified": false,
        "line_number": 62
      },
      {
        "type": "Hex High Entropy String",
        "filename": "data\\reflexion\\experiences.jsonl",
        "hashed_secret": "ed0bc917f69f5b5d989f2cbf6ad3bf4a554d7fbf",
        "is_verified": false,
        "line_number": 63
      },
      {
        "type": "Hex High Entropy String",
        "filename": "data\\reflexion\\experiences.jsonl",
        "hashed_secret": "112b28a20bf3a54df9cb194a1884079380de80dc",
        "is_verified": false,
        "line_number": 64
      },
      {
        "type": "Hex High Entropy String",
        "filename": "data\\reflexion\\experiences.jsonl",
        "hashed_secret": "c0b80df387bcb393a315c842f06e4d2815f7b87c",
        "is_verified": false,
        "line_number": 65
      },
      {
        "type": "Hex High Entropy String",
        "filename": "data\\reflexion\\experiences.jsonl",
        "hashed_secret": "f1a6690466f1ae29c4005582210f3a98f1d28dcc",
        "is_verified": false,
        "line_number": 66
      },
      {
        "type": "Hex High Entropy String",
        "filename": "data\\reflexion\\experiences.jsonl",
        "hashed_secret": "5ddd6d476ce26f6eb40b7079162c7dbb62081e24",
        "is_verified": false,
        "line_number": 67
      },
      {
        "type": "Hex High Entropy String",
        "filename": "data\\reflexion\\experiences.jsonl",
        "hashed_secret": "3ae8c693e086eb078cf85134150bc5cb26082192",
        "is_verified": false,
        "line_number": 68
      },
      {
        "type": "Hex High Entropy String",
        "filename": "data\\reflexion\\experiences.jsonl",
        "hashed_secret": "24ea6e99ffada7f11851a66b21bf49e049f06517",
        "is_verified": false,
        "line_number": 69
      },
      {
        "type": "Hex High Entropy String",
        "filename": "data\\reflexion\\experiences.jsonl",
        "hashed_secret": "c84f816716cb8f3eeb27e496b0896268dc8a8fe5",
        "is_verified": false,
        "line_number": 70
      },
      {
        "type": "Hex High Entropy String",
        "filename": "data\\reflexion\\experiences.jsonl",
        "hashed_secret": "2f7cd82600d517a39690c9a967e73fbb4feb9403",
        "is_verified": false,
        "line_number": 71
      },
      {
        "type": "Hex High Entropy String",
        "filename": "data\\reflexion\\experiences.jsonl",
        "hashed_secret": "8f3600b27193212f007a536ccb9b76828bf21756",
        "is_verified": false,
        "line_number": 72
      },
      {
        "type": "Hex High Entropy String",
        "filename": "data\\reflexion\\experiences.jsonl",
        "hashed_secret": "d7d10a7da51fc476e3a5833938fbd419c456a8be",
        "is_verified": false,
        "line_number": 73
      },
      {
        "type": "Hex High Entropy String",
        "filename": "data\\reflexion\\experiences.jsonl",
        "hashed_secret": "97b3b3d8299abbb920e124849e94b8abdadbfd22",
        "is_verified": false,
        "line_number": 74
      },
      {
        "type": "Hex High Entropy String",
        "filename": "data\\reflexion\\experiences.jsonl",
        "hashed_secret": "ff8fe400a2f49b05ecfde9017be5d081ee9befb0",
        "is_verified": false,
        "line_number": 75
      },
      {
        "type": "Hex High Entropy String",
        "filename": "data\\reflexion\\experiences.jsonl",
        "hashed_secret": "9e65ea42437b447ca36894d49ec03088dc252bc7",
        "is_verified": false,
        "line_number": 76
      },
      {
        "type": "Hex High Entropy String",
        "filename": "data\\reflexion\\experiences.jsonl",
        "hashed_secret": "f07d8c2cc38988911510e5b7da8643e66d3a06f5",
        "is_verified": false,
        "line_number": 77
      },
      {
        "type": "Hex High Entropy String",
        "filename": "data\\reflexion\\experiences.jsonl",
        "hashed_secret": "82133904e25cb78bcb1f88c4639d18acfe2e7ed2",
        "is_verified": false,
        "line_number": 79
      },
      {
        "type": "Hex High Entropy String",
        "filename": "data\\reflexion\\experiences.jsonl",
        "hashed_secret": "a37a2c7c7711bb94111a81046e476c521cd464a3",
        "is_verified": false,
        "line_number": 80
      },
      {
        "type": "Hex High Entropy String",
        "filename": "data\\reflexion\\experiences.jsonl",
        "hashed_secret": "c51aa001140821f3c4a471a61d381dba5e3cb05d",
        "is_verified": false,
        "line_number": 81
      },
      {
        "type": "Hex High Entropy String",
        "filename": "data\\reflexion\\experiences.jsonl",
        "hashed_secret": "3f757814ec594b52333319f6f4cd6bf7022007ea",
        "is_verified": false,
        "line_number": 82
      },
      {
        "type": "Hex High Entropy String",
        "filename": "data\\reflexion\\experiences.jsonl",
        "hashed_secret": "d0cd3698a8e85b1eb269458a1cfff9c1725361b4",
        "is_verified": false,
        "line_number": 86
      },
      {
        "type": "Hex High Entropy String",
        "filename": "data\\reflexion\\experiences.jsonl",
        "hashed_secret": "5378b54520b5ff52c2abf0de0202ae6eeba8b843",
        "is_verified": false,
        "line_number": 87
      },
      {
        "type": "Hex High Entropy String",
        "filename": "data\\reflexion\\experiences.jsonl",
        "hashed_secret": "45cb547bfc60a7d17279ee9e1e273e1b4aa318ce",
        "is_verified": false,
        "line_number": 88
      },
      {
        "type": "Hex High Entropy String",
        "filename": "data\\reflexion\\experiences.jsonl",
        "hashed_secret": "a7f0ebac1c581fb67c9f1acb5bbf03f3102fd28c",
        "is_verified": false,
        "line_number": 90
      },
      {
        "type": "Hex High Entropy String",
        "filename": "data\\reflexion\\experiences.jsonl",
        "hashed_secret": "a9b99b290854d17b7f81d776143c42399c656f03",
        "is_verified": false,
        "line_number": 91
      },
      {
        "type": "Hex High Entropy String",
        "filename": "data\\reflexion\\experiences.jsonl",
        "hashed_secret": "73c61a705db74d2aa758732d6ffcf76993d71838",
        "is_verified": false,
        "line_number": 93
      },
      {
        "type": "Hex High Entropy String",
        "filename": "data\\reflexion\\experiences.jsonl",
        "hashed_secret": "bf94758a369822438015789b14872a972945cce9",
        "is_verified": false,
        "line_number": 94
      },
      {
        "type": "Hex High Entropy String",
        "filename": "data\\reflexion\\experiences.jsonl",
        "hashed_secret": "37f5e3af17190c63ae50d08bc2c27c27386b495b",
        "is_verified": false,
        "line_number": 95
      },
      {
        "type": "Hex High Entropy String",
        "filename": "data\\reflexion\\experiences.jsonl",
        "hashed_secret": "e5151755aa68fabdfe3981b318abf7ee742fc6cd",
        "is_verified": false,
        "line_number": 97
      },
      {
        "type": "Hex High Entropy String",
        "filename": "data\\reflexion\\experiences.jsonl",
        "hashed_secret": "7cd978613295e3e320782318be61e25b8169129d",
        "is_verified": false,
        "line_number": 98
      },
      {
        "type": "Hex High Entropy String",
        "filename": "data\\reflexion\\experiences.jsonl",
        "hashed_secret": "4e4270fb338fc426e20495cd5e8bb545ac5246f5",
        "is_verified": false,
        "line_number": 99
      },
      {
        "type": "Hex High Entropy String",
        "filename": "data\\reflexion\\experiences.jsonl",
        "hashed_secret": "c0dfdb2a39499737e03e9fd03315b034442d22cf",
        "is_verified": false,
        "line_number": 100
      },
      {
        "type": "Hex High Entropy String",
        "filename": "data\\reflexion\\experiences.jsonl",
        "hashed_secret": "730de35fe9ac078a0ae0ebb90da27ed82a44af75",
        "is_verified": false,
        "line_number": 101
      },
      {
        "type": "Hex High Entropy String",
        "filename": "data\\reflexion\\experiences.jsonl",
        "hashed_secret": "c0b1597b7c4291b7807fefe8d3b2576d6baa1de9",
        "is_verified": false,
        "line_number": 103
      },
      {
        "type": "Hex High Entropy String",
        "filename": "data\\reflexion\\experiences.jsonl",
        "hashed_secret": "eb9956f5f8d074e73985f60f9ec3eaab86e77f3f",
        "is_verified": false,
        "line_number": 104
      },
      {
        "type": "Hex High Entropy String",
        "filename": "data\\reflexion\\experiences.jsonl",
        "hashed_secret": "e1c7641ef8eebfa6d6cc71bea934722b772a6ef0",
        "is_verified": false,
        "line_number": 105
      },
      {
        "type": "Hex High Entropy String",
        "filename": "data\\reflexion\\experiences.jsonl",
        "hashed_secret": "b1c0c4a278d905de26b14fe3943386450405e9de",
        "is_verified": false,
        "line_number": 106
      },
      {
        "type": "Hex High Entropy String",
        "filename": "data\\reflexion\\experiences.jsonl",
        "hashed_secret": "92962660611ae3aa4260d901121276538bdba2db",
        "is_verified": false,
        "line_number": 107
      },
      {
        "type": "Hex High Entropy String",
        "filename": "data\\reflexion\\experiences.jsonl",
        "hashed_secret": "ac1289fa6f7291dd81eb4c119bbd73bb2af4d261",
        "is_verified": false,
        "line_number": 108
      },
      {
        "type": "Hex High Entropy String",
        "filename": "data\\reflexion\\experiences.jsonl",
        "hashed_secret": "d8b0b3c68ec4e97771ffdc19a319ddffda7be9e2",
        "is_verified": false,
        "line_number": 109
      },
      {
        "type": "Hex High Entropy String",
        "filename": "data\\reflexion\\experiences.jsonl",
        "hashed_secret": "da10eaed6f090c915df59c0d6197d3bd924946a4",
        "is_verified": false,
        "line_number": 110
      },
      {
        "type": "Hex High Entropy String",
        "filename": "data\\reflexion\\experiences.jsonl",
        "hashed_secret": "22458b9554408f51c7ee5b6e99dc6c4cfb797cd7",
        "is_verified": false,
        "line_number": 111
      },
      {
        "type": "Hex High Entropy String",
        "filename": "data\\reflexion\\experiences.jsonl",
        "hashed_secret": "2463e94f66afefb9073a0138a67444ecac51c038",
        "is_verified": false,
        "line_number": 113
      },
      {
        "type": "Hex High Entropy String",
        "filename": "data\\reflexion\\experiences.jsonl",
        "hashed_secret": "299dc79e049a6c9541970f36399b5fbb7798736f",
        "is_verified": false,
        "line_number": 115
      },
      {
        "type": "Hex High Entropy String",
        "filename": "data\\reflexion\\experiences.jsonl",
        "hashed_secret": "6f458079c0181ca214a8d016d4273a8bdb9d7287",
        "is_verified": false,
        "line_number": 116
      },
      {
        "type": "Hex High Entropy String",
        "filename": "data\\reflexion\\experiences.jsonl",
        "hashed_secret": "38523dc93d22dca553d4d1696419e10b449c5802",
        "is_verified": false,
        "line_number": 117
      },
      {
        "type": "Hex High Entropy String",
        "filename": "data\\reflexion\\experiences.jsonl",
        "hashed_secret": "c33b9a244aa612dd973623305ad11a57c3ea316d",
        "is_verified": false,
        "line_number": 118
      }
    ],
    "data\\reflexion\\patterns.json": [
      {
        "type": "Hex High Entropy String",
        "filename": "data\\reflexion\\patterns.json",
        "hashed_secret": "95179e4a75c7f1ac504512d2975b47b7e15dfaab",
        "is_verified": false,
        "line_number": 20
      },
      {
        "type": "Hex High Entropy String",
        "filename": "data\\reflexion\\patterns.json",
        "hashed_secret": "f4eefef03d72efa32b0b469e968beffc832beea2",
        "is_verified": false,
        "line_number": 36
      },
      {
        "type": "Hex High Entropy String",
        "filename": "data\\reflexion\\patterns.json",
        "hashed_secret": "eef9ae18a35af16cc91e3f4ca3d21db67040e562",
        "is_verified": false,
        "line_number": 52
      },
      {
        "type": "Hex High Entropy String",
        "filename": "data\\reflexion\\patterns.json",
        "hashed_secret": "a91dfc28dd5225a026a62e8dc93e553a97b2591d",
        "is_verified": false,
        "line_number": 68
      },
      {
        "type": "Hex High Entropy String",
        "filename": "data\\reflexion\\patterns.json",
        "hashed_secret": "285bfe715250310bbe973e82b9376c25281c390b",
        "is_verified": false,
        "line_number": 84
      },
      {
        "type": "Hex High Entropy String",
        "filename": "data\\reflexion\\patterns.json",
        "hashed_secret": "06d433c8c5af927c98fd7a92aa34de3d5eaa5f16",
        "is_verified": false,
        "line_number": 100
      },
      {
        "type": "Hex High Entropy String",
        "filename": "data\\reflexion\\patterns.json",
        "hashed_secret": "c5d403af38ddac95466bc5c1771315393a420519",
        "is_verified": false,
        "line_number": 116
      },
      {
        "type": "Hex High Entropy String",
        "filename": "data\\reflexion\\patterns.json",
        "hashed_secret": "4e004b79ef6325cdb02dd6f36bbdd2b69dd21168",
        "is_verified": false,
        "line_number": 132
      },
      {
        "type": "Hex High Entropy String",
        "filename": "data\\reflexion\\patterns.json",
        "hashed_secret": "d6bdd616cf44ab65f0c76d1802a242d76eba3f2a",
        "is_verified": false,
        "line_number": 164
      },
      {
        "type": "Hex High Entropy String",
        "filename": "data\\reflexion\\patterns.json",
        "hashed_secret": "804b6cbc6b44705706ae5a6c75f0cc075d2a7601",
        "is_verified": false,
        "line_number": 180
      },
      {
        "type": "Hex High Entropy String",
        "filename": "data\\reflexion\\patterns.json",
        "hashed_secret": "54d3ef67bd673a13834144089f81d70b73b241e4",
        "is_verified": false,
        "line_number": 196
      },
      {
        "type": "Hex High Entropy String",
        "filename": "data\\reflexion\\patterns.json",
        "hashed_secret": "5204fafa541ed9448d45bd93da13c1e9a37e23ad",
        "is_verified": false,
        "line_number": 228
      },
      {
        "type": "Hex High Entropy String",
        "filename": "data\\reflexion\\patterns.json",
        "hashed_secret": "4398ffca3d65ea4eb3edfc7ebc615d7ab68e7cc7",
        "is_verified": false,
        "line_number": 244
      },
      {
        "type": "Hex High Entropy String",
        "filename": "data\\reflexion\\patterns.json",
        "hashed_secret": "f318332d5c37ab64e2bfc02c33a0a767893d4ce3",
        "is_verified": false,
        "line_number": 276
      },
      {
        "type": "Hex High Entropy String",
        "filename": "data\\reflexion\\patterns.json",
        "hashed_secret": "bc4645661669d9612140caebc6a516332ffd3b76",
        "is_verified": false,
        "line_number": 292
      },
      {
        "type": "Hex High Entropy String",
        "filename": "data\\reflexion\\patterns.json",
        "hashed_secret": "0d848fc01a59bab216f8ca71c40df391a2f482ce",
        "is_verified": false,
        "line_number": 308
      },
      {
        "type": "Hex High Entropy String",
        "filename": "data\\reflexion\\patterns.json",
        "hashed_secret": "3a77fc5c651657a9fb8af1a0a2f46386ca247068",
        "is_verified": false,
        "line_number": 340
      },
      {
        "type": "Hex High Entropy String",
        "filename": "data\\reflexion\\patterns.json",
        "hashed_secret": "cde0eb0bd1464785c0c4a0231bf7aa4b6ddaa209",
        "is_verified": false,
        "line_number": 372
      },
      {
        "type": "Hex High Entropy String",
        "filename": "data\\reflexion\\patterns.json",
        "hashed_secret": "585d235e5f63f8532355c893a2475e9960bd70c6",
        "is_verified": false,
        "line_number": 404
      },
      {
        "type": "Hex High Entropy String",
        "filename": "data\\reflexion\\patterns.json",
        "hashed_secret": "30f6e63be3fef4b1d13ab802544da6daf1e29356",
        "is_verified": false,
        "line_number": 420
      },
      {
        "type": "Hex High Entropy String",
        "filename": "data\\reflexion\\patterns.json",
        "hashed_secret": "c6ffe6ebfb306b6760d1e70edde16e4e463d3116",
        "is_verified": false,
        "line_number": 436
      },
      {
        "type": "Hex High Entropy String",
        "filename": "data\\reflexion\\patterns.json",
        "hashed_secret": "5ff2cdd1252a06df0f8ee0a404b0cb573a4d018b",
        "is_verified": false,
        "line_number": 452
      },
      {
        "type": "Hex High Entropy String",
        "filename": "data\\reflexion\\patterns.json",
        "hashed_secret": "8dd3ddb814625ba7fc9580c9d9deb75ca512ba72",
        "is_verified": false,
        "line_number": 468
      },
      {
        "type": "Hex High Entropy String",
        "filename": "data\\reflexion\\patterns.json",
        "hashed_secret": "8ba46a09e49c7df7e5cd8ddc8e8716e6fa38e986",
        "is_verified": false,
        "line_number": 500
      },
      {
        "type": "Hex High Entropy String",
        "filename": "data\\reflexion\\patterns.json",
        "hashed_secret": "454d2f6f3836009a7b7478d8910af66225637c66",
        "is_verified": false,
        "line_number": 516
      },
      {
        "type": "Hex High Entropy String",
        "filename": "data\\reflexion\\patterns.json",
        "hashed_secret": "ecd672e326d2e044f7084c1f5402839597ef0366",
        "is_verified": false,
        "line_number": 532
      },
      {
        "type": "Hex High Entropy String",
        "filename": "data\\reflexion\\patterns.json",
        "hashed_secret": "6751fdf4028b8261a22250c0aa5e65084a57e659",
        "is_verified": false,
        "line_number": 548
      },
      {
        "type": "Hex High Entropy String",
        "filename": "data\\reflexion\\patterns.json",
        "hashed_secret": "a0709845aeac36629fcc251e0bc070357be6a9fa",
        "is_verified": false,
        "line_number": 564
      },
      {
        "type": "Hex High Entropy String",
        "filename": "data\\reflexion\\patterns.json",
        "hashed_secret": "11943fd2b0e19cd417678eebae7ae557671ac543",
        "is_verified": false,
        "line_number": 580
      }
    ],
    "docker\\README.md": [
      {
        "type": "Basic Auth Credentials",
        "filename": "docker\\README.md",
        "hashed_secret": "9d4e1e23bd5b727046a9e3b4b7db57bd8d6ee684",
        "is_verified": false,
        "line_number": 457
      }
    ],
    "docker\\docker-compose.yaml": [
      {
        "type": "Basic Auth Credentials",
        "filename": "docker\\docker-compose.yaml",
        "hashed_secret": "7205a0abf00d1daec13c63ece029057c974795a9",
        "is_verified": false,
        "line_number": 47
      }
    ],
    "packages\\paracle_api\\schemas\\workflow_crud.py": [
      {
        "type": "Base64 High Entropy String",
        "filename": "packages\\paracle_api\\schemas\\workflow_crud.py",
        "hashed_secret": "15a4bd046920a91b7a7fd0b0dd64f98d7ad39f34",
        "is_verified": false,
        "line_number": 26
      }
    ],
    "packages\\paracle_api\\security\\auth.py": [
      {
        "type": "Secret Keyword",
        "filename": "packages\\paracle_api\\security\\auth.py",
        "hashed_secret": "47c09693cea525679002db0d3e9da65da30060db",
        "is_verified": false,
        "line_number": 60
      },
      {
        "type": "Secret Keyword",
        "filename": "packages\\paracle_api\\security\\auth.py",
        "hashed_secret": "d033e22ae348aeb5660fc2140aec35850c4da997",
        "is_verified": false,
        "line_number": 488
      }
    ],
    "packages\\paracle_audit\\events.py": [
      {
        "type": "Secret Keyword",
        "filename": "packages\\paracle_audit\\events.py",
        "hashed_secret": "106311e569540163fbd7bae56f04d9590ccd7c82",
        "is_verified": false,
        "line_number": 86
      }
    ],
    "packages\\paracle_cli\\commands\\a2a.py": [
      {
        "type": "Secret Keyword",
        "filename": "packages\\paracle_cli\\commands\\a2a.py",
        "hashed_secret": "27b924db06a28cc755fb07c54f0fddc30659fe4d",
        "is_verified": false,
        "line_number": 104
      },
      {
        "type": "Secret Keyword",
        "filename": "packages\\paracle_cli\\commands\\a2a.py",
        "hashed_secret": "594fd1615a341c77829e83ed988f137e1ba96231",
        "is_verified": false,
        "line_number": 105
      }
    ],
    "packages\\paracle_core\\ids.py": [
      {
        "type": "Base64 High Entropy String",
        "filename": "packages\\paracle_core\\ids.py",
        "hashed_secret": "3ea6cf17f95e272933a3b927317b7210d1bac5d5",
        "is_verified": false,
        "line_number": 97
      }
    ],
    "packages\\paracle_core\\storage.py": [
      {
        "type": "Basic Auth Credentials",
        "filename": "packages\\paracle_core\\storage.py",
        "hashed_secret": "9d4e1e23bd5b727046a9e3b4b7db57bd8d6ee684",
        "is_verified": false,
        "line_number": 21
      }
    ],
    "packages\\paracle_governance\\policies.py": [
      {
        "type": "Secret Keyword",
        "filename": "packages\\paracle_governance\\policies.py",
        "hashed_secret": "b7e5f55407f39b35824364706b863cccec97b751",
        "is_verified": false,
        "line_number": 181
      }
    ],
    "packages\\paracle_governance\\risk\\factors.py": [
      {
        "type": "Secret Keyword",
        "filename": "packages\\paracle_governance\\risk\\factors.py",
        "hashed_secret": "e5e9fa1ba31ecd1ae84f75caaa474f3a663f05f4",
        "is_verified": false,
        "line_number": 74
      }
    ],
    "packages\\paracle_meta\\config.py": [
      {
        "type": "Basic Auth Credentials",
        "filename": "packages\\paracle_meta\\config.py",
        "hashed_secret": "9d4e1e23bd5b727046a9e3b4b7db57bd8d6ee684",
        "is_verified": false,
        "line_number": 459
      }
    ],
    "packages\\paracle_meta\\database.py": [
      {
        "type": "Basic Auth Credentials",
        "filename": "packages\\paracle_meta\\database.py",
        "hashed_secret": "9d4e1e23bd5b727046a9e3b4b7db57bd8d6ee684",
        "is_verified": false,
        "line_number": 17
      }
    ],
    "packages\\paracle_meta\\providers.py": [
      {
        "type": "Secret Keyword",
        "filename": "packages\\paracle_meta\\providers.py",
        "hashed_secret": "f8ca0d7266886f4b5be9adddc9b66017b3bf1a4b",
        "is_verified": false,
        "line_number": 354
      },
      {
        "type": "Secret Keyword",
        "filename": "packages\\paracle_meta\\providers.py",
        "hashed_secret": "02ecb94373bfb3dfe827ca18409f50b016e8302a",
        "is_verified": false,
        "line_number": 362
      },
      {
        "type": "Secret Keyword",
        "filename": "packages\\paracle_meta\\providers.py",
        "hashed_secret": "1db4aba2bc9d400d5e75f5473ff811cd819a436d",
        "is_verified": false,
        "line_number": 370
      }
    ],
    "packages\\paracle_providers\\openai_compatible.py": [
      {
        "type": "Secret Keyword",
        "filename": "packages\\paracle_providers\\openai_compatible.py",
        "hashed_secret": "6d9c68c603e465077bdd49c62347fe54717f83a3",
        "is_verified": false,
        "line_number": 430
      }
    ],
    "test-secret.env": [
      {
        "type": "Secret Keyword",
        "filename": "test-secret.env",
        "hashed_secret": "7740882fd4cb038c92322e56ffebd7b0ad4fcaf9",
        "is_verified": false,
        "line_number": 1
      }
    ],
    "tests\\unit\\governance\\test_auto_logger.py": [
      {
        "type": "Secret Keyword",
        "filename": "tests\\unit\\governance\\test_auto_logger.py",
        "hashed_secret": "f2b14f68eb995facb3a1c35287b778d5bd785511",
        "is_verified": false,
        "line_number": 23
      },
      {
        "type": "Secret Keyword",
        "filename": "tests\\unit\\governance\\test_auto_logger.py",
        "hashed_secret": "6367c48dd193d56ea7b0baad25b19455e529f5ee",
        "is_verified": false,
        "line_number": 37
      },
      {
        "type": "Secret Keyword",
        "filename": "tests\\unit\\governance\\test_auto_logger.py",
        "hashed_secret": "e5e9fa1ba31ecd1ae84f75caaa474f3a663f05f4",
        "is_verified": false,
        "line_number": 53
      }
    ],
    "tests\\unit\\meta\\test_anthropic_integration.py": [
      {
        "type": "Secret Keyword",
        "filename": "tests\\unit\\meta\\test_anthropic_integration.py",
        "hashed_secret": "69dba6dfc0be932d10cdbfaae770c300cd7e0e3c",
        "is_verified": false,
        "line_number": 194
      },
      {
        "type": "Secret Keyword",
        "filename": "tests\\unit\\meta\\test_anthropic_integration.py",
        "hashed_secret": "3acfb2c2b433c0ea7ff107e33df91b18e52f960f",
        "is_verified": false,
        "line_number": 219
      }
    ],
    "tests\\unit\\meta\\test_providers.py": [
      {
        "type": "Secret Keyword",
        "filename": "tests\\unit\\meta\\test_providers.py",
        "hashed_secret": "f8ca0d7266886f4b5be9adddc9b66017b3bf1a4b",
        "is_verified": false,
        "line_number": 30
      }
    ],
    "tests\\unit\\paracle_meta\\capabilities\\test_github_enhanced.py": [
      {
        "type": "Secret Keyword",
        "filename": "tests\\unit\\paracle_meta\\capabilities\\test_github_enhanced.py",
        "hashed_secret": "8ce3e63d558b8a89b60991a1934e5ca3df4b6822",
        "is_verified": false,
        "line_number": 100
      }
    ],
    "tests\\unit\\test_agent_factory.py": [
      {
        "type": "Secret Keyword",
        "filename": "tests\\unit\\test_agent_factory.py",
        "hashed_secret": "3acfb2c2b433c0ea7ff107e33df91b18e52f960f",
        "is_verified": false,
        "line_number": 322
      }
    ],
    "tests\\unit\\test_provider_base.py": [
      {
        "type": "Secret Keyword",
        "filename": "tests\\unit\\test_provider_base.py",
        "hashed_secret": "a94a8fe5ccb19ba61c4c0873d391e987982fbbd3",
        "is_verified": false,
        "line_number": 168
      }
    ],
    "tests\\unit\\test_provider_registry.py": [
      {
        "type": "Secret Keyword",
        "filename": "tests\\unit\\test_provider_registry.py",
        "hashed_secret": "3acfb2c2b433c0ea7ff107e33df91b18e52f960f",
        "is_verified": false,
        "line_number": 95
      },
      {
        "type": "Secret Keyword",
        "filename": "tests\\unit\\test_provider_registry.py",
        "hashed_secret": "a94a8fe5ccb19ba61c4c0873d391e987982fbbd3",
        "is_verified": false,
        "line_number": 102
      }
    ],
    "tests\\unit\\test_security.py": [
      {
        "type": "Secret Keyword",
        "filename": "tests\\unit\\test_security.py",
        "hashed_secret": "5a0aee0f3af308cd6d74d617fde6592c2bc94fa3",
        "is_verified": false,
        "line_number": 77
      },
      {
        "type": "Secret Keyword",
        "filename": "tests\\unit\\test_security.py",
        "hashed_secret": "f13733f6dd9f1ed3118e2da31428c71eab5ffd99",
        "is_verified": false,
        "line_number": 117
      }
    ]
  },
  "generated_at": "2026-01-18T00:15:35Z"
}
